// Jest Snapshot v1, https://goo.gl/fbAQLP

exports[`<Footer /> should render with default values 1`] = `
.c0 {
  text-align: center;
}

.c0 a {
  color: inherit;
  text-decoration: none;
}

.c2 {
  font-size: 2.4rem;
}

.c1 {
  max-width: 120rem;
  margin: 0 auto;
  padding: 0 3.2rem;
}

<div>
  <footer
    class="c0"
  >
    <div
      class="c1"
    >
      <div
        class="c2"
      >
        <h1>
          Ola
        </h1>
      </div>
    </div>
  </footer>
</div>
`;
