// Jest Snapshot v1, https://goo.gl/fbAQLP

exports[`<Heading /> should match snapshot 1`] = `
.c0 {
  color: #FFFFFF;
  font-size: 4.0rem;
  text-transform: none;
}

<h1
  class="c0"
>
  Children
</h1>
`;
