// Jest Snapshot v1, https://goo.gl/fbAQLP

exports[`<GridTwoColumn /> should render two column grid 1`] = `
.c5 {
  color: #0A1128;
  font-size: 4.0rem;
  text-transform: none;
}

.c2 {
  display: grid;
  grid-template-columns: 1fr 2fr;
  align-items: center;
  gap: 3.2rem;
}

.c2 .c4 {
  margin-bottom: 4.0rem;
}

.c0 {
  background: #FFFFFF;
  color: #0A1128;
  min-height: 100vh;
  display: flex;
  align-items: center;
}

.c1 {
  max-width: 120rem;
  margin: 0 auto;
  padding: 0 3.2rem;
}

.c6 {
  font-size: 2.4rem;
}

@media (max-width:768px) {
  .c2 {
    grid-template-columns: 1fr;
    text-align: center;
  }
}

@media (max-width:768px) {
  .c3 {
    margin-bottom: 3.2rem;
  }
}

<div>
  <div
    class="c0"
  >
    <div
      class="c1"
    >
      <div
        class="c2"
      >
        <div
          class="c3"
        >
          <h2
            class="c4 c5"
          >
            Grid Two Column
          </h2>
          <div
            class="c6"
          >
            Lorem, ipsum dolor sit amet consectetur adipisicing elit.
    Delectus odit tempore veniam maiores reprehenderit veritatis corrupti
    beatae, cum doloribus quis accusantium ipsa adipisci a voluptatem
    aliquam porro nam excepturi vitae.
          </div>
        </div>
        <div
          class=""
        >
          <img
            alt="Grid Two Column"
            class=""
            src="assets/images/javascript.svg"
          />
        </div>
      </div>
    </div>
  </div>
</div>
`;
